// Jest Snapshot v1, https://goo.gl/fbAQLP

exports[`🛍️ ProductCard Component matches snapshot 1`] = `
<DocumentFragment>
  <div
    class="product-card theme-mint size-md  "
    data-testid="product-card"
    tabindex="0"
  >
    <div
      class="product-card-image-container"
    >
      <picture>
        <source
          srcset="test-product.avif"
          type="image/avif"
        />
        <source
          srcset="test-product.webp"
          type="image/webp"
        />
        <img
          alt="Test Product"
          aria-describedby="img-status-123"
          data-testid="product-image"
          decoding="async"
          loading="lazy"
          src="test-product.jpg"
        />
      </picture>
      <span
        aria-live="polite"
        id="img-status-123"
        style="position: absolute; width: 1px; height: 1px; overflow: hidden; clip: rect(1px, 1px, 1px, 1px); white-space: nowrap;"
      >
        Image 1 of 1
      </span>
    </div>
    <div
      class="product-info"
    >
      <h3
        class="product-title"
      >
        <a
          href="/product/123"
        >
          Test Product
        </a>
      </h3>
      <div
        class="product-price"
      >
        <span>
          $49.99
        </span>
      </div>
      <div
        class="product-description"
      >
        A nice product for testing
      </div>
      <button
        aria-label="Add to Cart"
        aria-live="polite"
        data-testid="add-to-cart-btn"
        type="button"
      >
        Add to Cart
      </button>
      <a
        class="btn-small"
        href="/product/123"
      >
        Shop Now
      </a>
    </div>
    <script
      type="application/ld+json"
    >
      {"@context":"https://schema.org/","@type":"Product","name":"Test Product","image":["test-product.jpg"],"sku":"123","offers":{"@type":"Offer","priceCurrency":"USD","price":"49.99","availability":"https://schema.org/InStock","url":"/product/123"}}
    </script>
  </div>
</DocumentFragment>
`;
